// Jest Snapshot v1, https://goo.gl/fbAQLP

exports[`Component : Dropdown Snapshot 1`] = `
<DocumentFragment>
  <div
    class="sc-knuQbY jKZney"
  >
    <button
      class="sc-kRRyDe fxYcWt"
      type="secondary"
    >
      <div
        class="sc-ERObt jpKeVM"
      >
        the label
        <svg
          aria-hidden="true"
          class="StyledIconBase-sc-ea9ulj-0 beZTyX sc-dNsVcS jGtnjy"
          fill="currentColor"
          focusable="false"
          viewBox="0 0 512 512"
          xmlns="http://www.w3.org/2000/svg"
        >
          <path
            d="M233.4 406.6c12.5 12.5 32.8 12.5 45.3 0l192-192c12.5-12.5 12.5-32.8 0-45.3s-32.8-12.5-45.3 0L256 338.7 86.6 169.4c-12.5-12.5-32.8-12.5-45.3 0s-12.5 32.8 0 45.3l192 192z"
            fill="currentColor"
          />
        </svg>
      </div>
    </button>
    <div
      class="sc-fulCBj cbxzaA"
    >
      <div
        class="sc-kMribo fDBHdl"
      >
        first option label
      </div>
      <div
        class="sc-kMribo fDBHdl"
      >
        second option label
      </div>
    </div>
  </div>
</DocumentFragment>
`;
