// Jest Snapshot v1, https://goo.gl/fbAQLP

exports[`Page : About Snapshot 1`] = `
<DocumentFragment>
  <div
    class="sc-cezyBN gatIOc"
  >
    <h1
      class="sc-fUkmAC htYbY"
    >
      title
    </h1>
    <h2
      class="sc-cXPBUD fObExk"
    >
      main.t1
    </h2>
    <h2
      class="sc-cXPBUD fObExk"
    >
      main.t2
    </h2>
    <div
      class="sc-edKZPI hztjxp"
    >
      main.t3
    </div>
    <div
      class="sc-edKZPI iWcUXa"
    >
      <button
        class="sc-kRRyDe kDBiHT"
        type="primary"
      >
        start
      </button>
    </div>
    <div
      class="sc-edKZPI iWcUXa"
    >
      <div
        class="sc-bhqpjJ dcdrEY"
      >
        <div
          class="sc-iLLODe lmsMrG"
        />
        <div
          class="sc-fPrdXf gTJrIQ"
        >
          <h3
            class="sc-hGMjit bzQfxN"
          >
            collaborate.header
          </h3>
          <div>
            collaborate.content
          </div>
        </div>
      </div>
      <div
        class="sc-bhqpjJ dcdrEY"
      >
        <div
          class="sc-iLLODe imfBeC"
        />
        <div
          class="sc-fPrdXf gTJrIQ"
        >
          <h3
            class="sc-hGMjit bzQfxN"
          >
            easy.header
          </h3>
          <div>
            easy.content
          </div>
        </div>
      </div>
      <div
        class="sc-bhqpjJ dcdrEY"
      >
        <div
          class="sc-iLLODe lmsMrG"
        />
        <div
          class="sc-fPrdXf gTJrIQ"
        >
          <h3
            class="sc-hGMjit bzQfxN"
          >
            open.header
          </h3>
          <div>
            open.content
          </div>
        </div>
      </div>
    </div>
  </div>
</DocumentFragment>
`;
