// Jest Snapshot v1, https://goo.gl/fbAQLP

exports[`Page : About Snapshot 1`] = `
<DocumentFragment>
  <div
    class="sc-pRSgm cKcxQE"
  >
    <h1
      class="sc-qapxP bAjpqp"
    >
      title
    </h1>
    <h2
      class="sc-oTmHo kZbEjf"
    >
      main.t1
    </h2>
    <h2
      class="sc-oTmHo kZbEjf"
    >
      main.t2
    </h2>
    <div
      class="sc-pbJYR jTwVyh"
    >
      main.t3
    </div>
    <div
      class="sc-pbJYR gbSAoq"
    >
      <button
        class="sc-qQYBZ hDUFJj"
        type="primary"
      >
        start
      </button>
    </div>
    <div
      class="sc-pbJYR gbSAoq"
    >
      <div
        class="sc-pkfPC daXRff"
      >
        <div
          class="sc-psDhf dMtVBW"
        />
        <div
          class="sc-qQxFs bqzHtl"
        >
          <h3
            class="sc-qYUWV bpyMYK"
          >
            collaborate.header
          </h3>
          <div>
            collaborate.content
          </div>
        </div>
      </div>
      <div
        class="sc-pkfPC daXRff"
      >
        <div
          class="sc-psDhf hPTEXG"
        />
        <div
          class="sc-qQxFs bqzHtl"
        >
          <h3
            class="sc-qYUWV bpyMYK"
          >
            easy.header
          </h3>
          <div>
            easy.content
          </div>
        </div>
      </div>
      <div
        class="sc-pkfPC daXRff"
      >
        <div
          class="sc-psDhf dMtVBW"
        />
        <div
          class="sc-qQxFs bqzHtl"
        >
          <h3
            class="sc-qYUWV bpyMYK"
          >
            open.header
          </h3>
          <div>
            open.content
          </div>
        </div>
      </div>
    </div>
  </div>
</DocumentFragment>
`;
