// Jest Snapshot v1, https://goo.gl/fbAQLP

exports[`Component : BoardJoinedWelcome Snapshot 1`] = `
<DocumentFragment>
  <div
    class="sc-ERObt gZrBeH sc-dNsVcS gQPcbi"
  >
    <h2
      class="sc-fulCBj iDEeYn"
    >
      welcome.joined.title
    </h2>
    <div
      class="sc-kMribo gUKrhp"
    >
      <div>
        welcome.joined.about
      </div>
      <div>
        welcome.joined.chooseUserName
      </div>
      <input
        autocomplete="on"
        class="sc-knuQbY jGlfeO"
        data-testid="input-component"
        maxlength="12"
        name="userName"
        placeholder="welcome.joined.userNamePlaceholder"
        value=""
      />
    </div>
    <div
      class="sc-bdOgaJ kPEtLZ"
    >
      <button
        class="sc-kRRyDe esCmzn"
        type="button"
      >
        welcome.joined.cancel
      </button>
      <button
        class="sc-kRRyDe dPBRBc"
        type="button"
      >
        welcome.joined.join
      </button>
    </div>
  </div>
</DocumentFragment>
`;
