// Jest Snapshot v1, https://goo.gl/fbAQLP

exports[`Page : Help Snapshot 1`] = `
<DocumentFragment>
  <div
    class="sc-pRSgm cKcxQE"
  >
    <h1
      class="sc-oTmHo dkULRA"
    >
      title
    </h1>
    <div
      class="sc-qapxP fooHqU"
    />
    <h2
      class="sc-pbJYR HEayB"
    >
      sessions.title
    </h2>
    <div
      class="sc-pkfPC hbKItU"
    >
      sessions.tagline
    </div>
    <div
      class="sc-pkfPC lgaZTb"
    >
      <div
        class="sc-psDhf fhefIM"
      >
        <div
          class="sc-qQxFs iKhIHT"
        />
        <div
          class="sc-qYUWV iCIcoo"
        >
          <h3
            class="sc-pBlxj dTBeqC"
          >
            sessions.create.header
          </h3>
          <div>
            sessions.create.content
          </div>
        </div>
      </div>
      <div
        class="sc-psDhf fhefIM"
      >
        <div
          class="sc-qQxFs llvjLv"
        />
        <div
          class="sc-qYUWV iCIcoo"
        >
          <h3
            class="sc-pBlxj dTBeqC"
          >
            sessions.join.header
          </h3>
          <div>
            sessions.join.content
          </div>
        </div>
      </div>
      <div
        class="sc-psDhf fhefIM"
      >
        <div
          class="sc-qQxFs iKhIHT"
        />
        <div
          class="sc-qYUWV iCIcoo"
        >
          <h3
            class="sc-pBlxj dTBeqC"
          >
            sessions.settings.header
          </h3>
          <div>
            sessions.settings.content
          </div>
        </div>
      </div>
      <div
        class="sc-psDhf fhefIM"
      >
        <div
          class="sc-qQxFs llvjLv"
        />
        <div
          class="sc-qYUWV iCIcoo"
        >
          <h3
            class="sc-pBlxj dTBeqC"
          >
            sessions.leave.header
          </h3>
          <div>
            sessions.leave.content
          </div>
        </div>
      </div>
    </div>
    <div
      class="sc-qapxP fooHqU"
    />
    <h2
      class="sc-pbJYR HEayB"
    >
      tools.title
    </h2>
    <div
      class="sc-pkfPC hbKItU"
    >
      tools.tagline
    </div>
    <div
      class="sc-pkfPC lgaZTb"
    >
      <div
        class="sc-psDhf fhefIM"
      >
        <div
          class="sc-qQxFs iKhIHT"
        />
        <div
          class="sc-qYUWV iCIcoo"
        >
          <h3
            class="sc-pBlxj dTBeqC"
          >
            tools.drawing.header
          </h3>
          <div>
            tools.drawing.content
          </div>
        </div>
      </div>
      <div
        class="sc-psDhf fhefIM"
      >
        <div
          class="sc-qQxFs llvjLv"
        />
        <div
          class="sc-qYUWV iCIcoo"
        >
          <h3
            class="sc-pBlxj dTBeqC"
          >
            tools.writing.header
          </h3>
          <div>
            tools.writing.content
          </div>
        </div>
      </div>
      <div
        class="sc-psDhf fhefIM"
      >
        <div
          class="sc-qQxFs iKhIHT"
        />
        <div
          class="sc-qYUWV iCIcoo"
        >
          <h3
            class="sc-pBlxj dTBeqC"
          >
            tools.manipulating.header
          </h3>
          <div>
            tools.manipulating.content
          </div>
        </div>
      </div>
      <div
        class="sc-psDhf fhefIM"
      >
        <div
          class="sc-qQxFs llvjLv"
        />
        <div
          class="sc-qYUWV iCIcoo"
        >
          <h3
            class="sc-pBlxj dTBeqC"
          >
            tools.pointer.header
          </h3>
          <div>
            tools.pointer.content
          </div>
        </div>
      </div>
      <div
        class="sc-psDhf fhefIM"
      >
        <div
          class="sc-qQxFs iKhIHT"
        />
        <div
          class="sc-qYUWV iCIcoo"
        >
          <h3
            class="sc-pBlxj dTBeqC"
          >
            tools.saveOrDelete.header
          </h3>
          <div>
            tools.saveOrDelete.content
          </div>
        </div>
      </div>
    </div>
  </div>
</DocumentFragment>
`;
