// Jest Snapshot v1, https://goo.gl/fbAQLP

exports[`Page : Cookies Snapshot 1`] = `
<DocumentFragment>
  <div
    class="sc-pRSgm cGDqsG"
  >
    <h1
      class="sc-qapxP hlPwaT"
    >
      title
    </h1>
    <div
      class="sc-pbJYR fqxkeO"
    >
      subtitle
    </div>
    <h2
      class="sc-oTmHo kvbZO"
    >
      what.heading
    </h2>
    <div
      class="sc-pbJYR fqxkeO"
    >
      what.p1
    </div>
    <div
      class="sc-pbJYR fqxkeO"
    >
      what.p2
    </div>
    <h2
      class="sc-oTmHo kvbZO"
    >
      which.heading
    </h2>
    <div
      class="sc-pbJYR fqxkeO"
    >
      which.p1
    </div>
    <div
      class="sc-pbJYR fqxkeO"
    >
      which.p2.heading
      <ul
        class="sc-pkfPC Gftny"
      >
        <li
          class="sc-psDhf qzZTJ"
        >
          which.p2.list.own.description
          <ul
            class="sc-pkfPC Gftny"
          >
            <li
              class="sc-psDhf qzZTJ"
            >
              <span
                class="sc-qQxFs hOURqF"
              >
                which.p2.list.own.cookies.language.name:
              </span>
              which.p2.list.own.cookies.language.description
            </li>
            <li
              class="sc-psDhf qzZTJ"
            >
              <span
                class="sc-qQxFs hOURqF"
              >
                which.p2.list.own.cookies.allow.name:
              </span>
              which.p2.list.own.cookies.allow.description
            </li>
          </ul>
        </li>
        <li
          class="sc-psDhf qzZTJ"
        >
          which.p2.list.thirdParty.description
          <ul
            class="sc-pkfPC Gftny"
          >
            <li
              class="sc-psDhf qzZTJ"
            >
              <span
                class="sc-qQxFs hOURqF"
              >
                which.p2.list.thirdParty.cookies.analytics.name:
              </span>
              which.p2.list.thirdParty.cookies.analytics.description
            </li>
            <li
              class="sc-psDhf qzZTJ"
            >
              <span
                class="sc-qQxFs hOURqF"
              >
                which.p2.list.thirdParty.cookies.cloudflare.name:
              </span>
              which.p2.list.thirdParty.cookies.cloudflare.description
            </li>
          </ul>
        </li>
      </ul>
    </div>
    <h2
      class="sc-oTmHo kvbZO"
    >
      acceptance.heading
    </h2>
    <div
      class="sc-pbJYR fqxkeO"
    >
      acceptance.p1
    </div>
    <div
      class="sc-pbJYR fqxkeO"
    >
      acceptance.p2
    </div>
    <div
      class="sc-pbJYR fqxkeO"
    >
      acceptance.p3
    </div>
  </div>
</DocumentFragment>
`;
