// Jest Snapshot v1, https://goo.gl/fbAQLP

exports[`Component : ToolBar Snapshot 1`] = `
<DocumentFragment>
  <div
    class="sc-pQdCa cNDtYi"
    data-testid="toolbar-component"
  >
    <div
      class="sc-oUDcU bWTJid"
    >
      <div
        class="sc-qXRQq cpMrCI"
        color="#333"
        data-testid="toolbutton-component"
      >
        <span
          class="sc-pAncQ bQBKwL"
          color="#333"
        >
          <svg
            aria-hidden="true"
            class="StyledIconBase-ea9ulj-0 jVnGjM"
            fill="currentColor"
            focusable="false"
            viewBox="0 0 512 512"
            xmlns="http://www.w3.org/2000/svg"
          >
            <path
              d="M290.74 93.24l128.02 128.02-277.99 277.99-114.14 12.6C11.35 513.54-1.56 500.62.14 485.34l12.7-114.22 277.9-277.88zm207.2-19.06l-60.11-60.11c-18.75-18.75-49.16-18.75-67.91 0l-56.55 56.55 128.02 128.02 56.55-56.55c18.75-18.76 18.75-49.16 0-67.91z"
              fill="currentColor"
            />
          </svg>
        </span>
        <div
          class="sc-pIjat FhOuv"
        >
          <div
            class="sc-qXRQq cpMrCI"
            color="#333"
            data-testid="toolbutton-component"
          >
            <span
              class="sc-pAncQ bQBKwL"
              color="#333"
            >
              <svg
                aria-hidden="true"
                class="StyledIconBase-ea9ulj-0 jVnGjM"
                fill="currentColor"
                focusable="false"
                viewBox="0 0 512 512"
                xmlns="http://www.w3.org/2000/svg"
              >
                <path
                  d="M256 8C119 8 8 119 8 256s111 248 248 248 248-111 248-248S393 8 256 8z"
                  fill="currentColor"
                />
              </svg>
            </span>
          </div>
          <div
            class="sc-qXRQq cpMrCI"
            color="#da0000"
            data-testid="toolbutton-component"
          >
            <span
              class="sc-pAncQ lkklxp"
              color="#da0000"
            >
              <svg
                aria-hidden="true"
                class="StyledIconBase-ea9ulj-0 jVnGjM"
                fill="currentColor"
                focusable="false"
                viewBox="0 0 512 512"
                xmlns="http://www.w3.org/2000/svg"
              >
                <path
                  d="M256 8C119 8 8 119 8 256s111 248 248 248 248-111 248-248S393 8 256 8z"
                  fill="currentColor"
                />
              </svg>
            </span>
          </div>
          <div
            class="sc-qXRQq cpMrCI"
            color="#1d76e1"
            data-testid="toolbutton-component"
          >
            <span
              class="sc-pAncQ hFQDrQ"
              color="#1d76e1"
            >
              <svg
                aria-hidden="true"
                class="StyledIconBase-ea9ulj-0 jVnGjM"
                fill="currentColor"
                focusable="false"
                viewBox="0 0 512 512"
                xmlns="http://www.w3.org/2000/svg"
              >
                <path
                  d="M256 8C119 8 8 119 8 256s111 248 248 248 248-111 248-248S393 8 256 8z"
                  fill="currentColor"
                />
              </svg>
            </span>
          </div>
          <div
            class="sc-qXRQq cpMrCI"
            color="#ebb727"
            data-testid="toolbutton-component"
          >
            <span
              class="sc-pAncQ gfuoQX"
              color="#ebb727"
            >
              <svg
                aria-hidden="true"
                class="StyledIconBase-ea9ulj-0 jVnGjM"
                fill="currentColor"
                focusable="false"
                viewBox="0 0 512 512"
                xmlns="http://www.w3.org/2000/svg"
              >
                <path
                  d="M256 8C119 8 8 119 8 256s111 248 248 248 248-111 248-248S393 8 256 8z"
                  fill="currentColor"
                />
              </svg>
            </span>
          </div>
          <div
            class="sc-qXRQq cpMrCI"
            color="#4ecb45"
            data-testid="toolbutton-component"
          >
            <span
              class="sc-pAncQ kEwdYh"
              color="#4ecb45"
            >
              <svg
                aria-hidden="true"
                class="StyledIconBase-ea9ulj-0 jVnGjM"
                fill="currentColor"
                focusable="false"
                viewBox="0 0 512 512"
                xmlns="http://www.w3.org/2000/svg"
              >
                <path
                  d="M256 8C119 8 8 119 8 256s111 248 248 248 248-111 248-248S393 8 256 8z"
                  fill="currentColor"
                />
              </svg>
            </span>
          </div>
        </div>
      </div>
      <div
        class="sc-qXRQq cpMrCI"
        color="#333"
        data-testid="toolbutton-component"
      >
        <span
          class="sc-pAncQ bQBKwL"
          color="#333"
        >
          <svg
            aria-hidden="true"
            class="StyledIconBase-ea9ulj-0 jVnGjM"
            fill="currentColor"
            focusable="false"
            viewBox="0 0 512 512"
            xmlns="http://www.w3.org/2000/svg"
          >
            <path
              d="M93.95 290.03A327.038 327.038 0 00.17 485.11l-.03.23c-1.7 15.28 11.21 28.2 26.49 26.51a327.02 327.02 0 00195.34-93.8l75.4-75.4-128.02-128.02-75.4 75.4zM485.49 26.51c-35.35-35.35-92.67-35.35-128.02 0l-21.76 21.76-36.56-36.55c-15.62-15.62-40.95-15.62-56.56 0L138.47 115.84c-6.25 6.25-6.25 16.38 0 22.63l22.62 22.62c6.25 6.25 16.38 6.25 22.63 0l87.15-87.15 19.59 19.59L191.98 192 320 320.02l165.49-165.49c35.35-35.35 35.35-92.66 0-128.02z"
              fill="currentColor"
            />
          </svg>
        </span>
        <div
          class="sc-pIjat FhOuv"
        >
          <div
            class="sc-qXRQq cpMrCI"
            color="#333"
            data-testid="toolbutton-component"
          >
            <span
              class="sc-pAncQ bQBKwL"
              color="#333"
            >
              <svg
                aria-hidden="true"
                class="StyledIconBase-ea9ulj-0 jVnGjM"
                fill="currentColor"
                focusable="false"
                viewBox="0 0 512 512"
                xmlns="http://www.w3.org/2000/svg"
              >
                <path
                  d="M256 8C119 8 8 119 8 256s111 248 248 248 248-111 248-248S393 8 256 8z"
                  fill="currentColor"
                />
              </svg>
            </span>
          </div>
          <div
            class="sc-qXRQq cpMrCI"
            color="#da0000"
            data-testid="toolbutton-component"
          >
            <span
              class="sc-pAncQ lkklxp"
              color="#da0000"
            >
              <svg
                aria-hidden="true"
                class="StyledIconBase-ea9ulj-0 jVnGjM"
                fill="currentColor"
                focusable="false"
                viewBox="0 0 512 512"
                xmlns="http://www.w3.org/2000/svg"
              >
                <path
                  d="M256 8C119 8 8 119 8 256s111 248 248 248 248-111 248-248S393 8 256 8z"
                  fill="currentColor"
                />
              </svg>
            </span>
          </div>
          <div
            class="sc-qXRQq cpMrCI"
            color="#1d76e1"
            data-testid="toolbutton-component"
          >
            <span
              class="sc-pAncQ hFQDrQ"
              color="#1d76e1"
            >
              <svg
                aria-hidden="true"
                class="StyledIconBase-ea9ulj-0 jVnGjM"
                fill="currentColor"
                focusable="false"
                viewBox="0 0 512 512"
                xmlns="http://www.w3.org/2000/svg"
              >
                <path
                  d="M256 8C119 8 8 119 8 256s111 248 248 248 248-111 248-248S393 8 256 8z"
                  fill="currentColor"
                />
              </svg>
            </span>
          </div>
          <div
            class="sc-qXRQq cpMrCI"
            color="#ebb727"
            data-testid="toolbutton-component"
          >
            <span
              class="sc-pAncQ gfuoQX"
              color="#ebb727"
            >
              <svg
                aria-hidden="true"
                class="StyledIconBase-ea9ulj-0 jVnGjM"
                fill="currentColor"
                focusable="false"
                viewBox="0 0 512 512"
                xmlns="http://www.w3.org/2000/svg"
              >
                <path
                  d="M256 8C119 8 8 119 8 256s111 248 248 248 248-111 248-248S393 8 256 8z"
                  fill="currentColor"
                />
              </svg>
            </span>
          </div>
          <div
            class="sc-qXRQq cpMrCI"
            color="#4ecb45"
            data-testid="toolbutton-component"
          >
            <span
              class="sc-pAncQ kEwdYh"
              color="#4ecb45"
            >
              <svg
                aria-hidden="true"
                class="StyledIconBase-ea9ulj-0 jVnGjM"
                fill="currentColor"
                focusable="false"
                viewBox="0 0 512 512"
                xmlns="http://www.w3.org/2000/svg"
              >
                <path
                  d="M256 8C119 8 8 119 8 256s111 248 248 248 248-111 248-248S393 8 256 8z"
                  fill="currentColor"
                />
              </svg>
            </span>
          </div>
        </div>
      </div>
      <div
        class="sc-qXRQq cpMrCI"
        color="#333"
        data-testid="toolbutton-component"
      >
        <span
          class="sc-pAncQ bQBKwL"
          color="#333"
        >
          <svg
            aria-hidden="true"
            class="StyledIconBase-ea9ulj-0 jVnGjM"
            fill="currentColor"
            focusable="false"
            viewBox="0 0 544 512"
            xmlns="http://www.w3.org/2000/svg"
          >
            <path
              d="M0 479.98L99.92 512l35.45-35.45-67.04-67.04L0 479.98zm124.61-240.01a36.592 36.592 0 00-10.79 38.1l13.05 42.83-50.93 50.94 96.23 96.23 50.86-50.86 42.74 13.08c13.73 4.2 28.65-.01 38.15-10.78l35.55-41.64-173.34-173.34-41.52 35.44zm403.31-160.7l-63.2-63.2c-20.49-20.49-53.38-21.52-75.12-2.35L190.55 183.68l169.77 169.78L530.27 154.4c19.18-21.74 18.15-54.63-2.35-75.13z"
              fill="currentColor"
            />
          </svg>
        </span>
        <div
          class="sc-pIjat FhOuv"
        >
          <div
            class="sc-qXRQq cpMrCI"
            color="#333"
            data-testid="toolbutton-component"
          >
            <span
              class="sc-pAncQ bQBKwL"
              color="#333"
            >
              <svg
                aria-hidden="true"
                class="StyledIconBase-ea9ulj-0 jVnGjM"
                fill="currentColor"
                focusable="false"
                viewBox="0 0 512 512"
                xmlns="http://www.w3.org/2000/svg"
              >
                <path
                  d="M256 8C119 8 8 119 8 256s111 248 248 248 248-111 248-248S393 8 256 8z"
                  fill="currentColor"
                />
              </svg>
            </span>
          </div>
          <div
            class="sc-qXRQq cpMrCI"
            color="#da0000"
            data-testid="toolbutton-component"
          >
            <span
              class="sc-pAncQ lkklxp"
              color="#da0000"
            >
              <svg
                aria-hidden="true"
                class="StyledIconBase-ea9ulj-0 jVnGjM"
                fill="currentColor"
                focusable="false"
                viewBox="0 0 512 512"
                xmlns="http://www.w3.org/2000/svg"
              >
                <path
                  d="M256 8C119 8 8 119 8 256s111 248 248 248 248-111 248-248S393 8 256 8z"
                  fill="currentColor"
                />
              </svg>
            </span>
          </div>
          <div
            class="sc-qXRQq cpMrCI"
            color="#1d76e1"
            data-testid="toolbutton-component"
          >
            <span
              class="sc-pAncQ hFQDrQ"
              color="#1d76e1"
            >
              <svg
                aria-hidden="true"
                class="StyledIconBase-ea9ulj-0 jVnGjM"
                fill="currentColor"
                focusable="false"
                viewBox="0 0 512 512"
                xmlns="http://www.w3.org/2000/svg"
              >
                <path
                  d="M256 8C119 8 8 119 8 256s111 248 248 248 248-111 248-248S393 8 256 8z"
                  fill="currentColor"
                />
              </svg>
            </span>
          </div>
          <div
            class="sc-qXRQq cpMrCI"
            color="#ebb727"
            data-testid="toolbutton-component"
          >
            <span
              class="sc-pAncQ gfuoQX"
              color="#ebb727"
            >
              <svg
                aria-hidden="true"
                class="StyledIconBase-ea9ulj-0 jVnGjM"
                fill="currentColor"
                focusable="false"
                viewBox="0 0 512 512"
                xmlns="http://www.w3.org/2000/svg"
              >
                <path
                  d="M256 8C119 8 8 119 8 256s111 248 248 248 248-111 248-248S393 8 256 8z"
                  fill="currentColor"
                />
              </svg>
            </span>
          </div>
          <div
            class="sc-qXRQq cpMrCI"
            color="#4ecb45"
            data-testid="toolbutton-component"
          >
            <span
              class="sc-pAncQ kEwdYh"
              color="#4ecb45"
            >
              <svg
                aria-hidden="true"
                class="StyledIconBase-ea9ulj-0 jVnGjM"
                fill="currentColor"
                focusable="false"
                viewBox="0 0 512 512"
                xmlns="http://www.w3.org/2000/svg"
              >
                <path
                  d="M256 8C119 8 8 119 8 256s111 248 248 248 248-111 248-248S393 8 256 8z"
                  fill="currentColor"
                />
              </svg>
            </span>
          </div>
        </div>
      </div>
      <div
        class="sc-qXRQq cpMrCI"
        data-testid="toolbutton-component"
      >
        <span
          class="sc-pAncQ fsuYOn"
        >
          <svg
            aria-hidden="true"
            class="StyledIconBase-ea9ulj-0 jVnGjM"
            fill="currentColor"
            focusable="false"
            viewBox="0 0 512 512"
            xmlns="http://www.w3.org/2000/svg"
          >
            <path
              d="M497.941 273.941c18.745-18.745 18.745-49.137 0-67.882l-160-160c-18.745-18.745-49.136-18.746-67.883 0l-256 256c-18.745 18.745-18.745 49.137 0 67.882l96 96A48.004 48.004 0 00144 480h356c6.627 0 12-5.373 12-12v-40c0-6.627-5.373-12-12-12H355.883l142.058-142.059zm-302.627-62.627l137.373 137.373L265.373 416H150.628l-80-80 124.686-124.686z"
              fill="currentColor"
            />
          </svg>
        </span>
        <div
          class="sc-pIjat FhOuv"
        >
          <div
            class="sc-qXRQq cpMrCI"
            color="#333"
            data-testid="toolbutton-component"
          >
            <span
              class="sc-pAncQ bQBKwL"
              color="#333"
            >
              <svg
                aria-hidden="true"
                class="StyledIconBase-ea9ulj-0 jVnGjM"
                fill="currentColor"
                focusable="false"
                viewBox="0 0 512 512"
                xmlns="http://www.w3.org/2000/svg"
              >
                <path
                  d="M256 8C119 8 8 119 8 256s111 248 248 248 248-111 248-248S393 8 256 8z"
                  fill="currentColor"
                />
              </svg>
            </span>
          </div>
          <div
            class="sc-qXRQq cpMrCI"
            color="#da0000"
            data-testid="toolbutton-component"
          >
            <span
              class="sc-pAncQ lkklxp"
              color="#da0000"
            >
              <svg
                aria-hidden="true"
                class="StyledIconBase-ea9ulj-0 jVnGjM"
                fill="currentColor"
                focusable="false"
                viewBox="0 0 512 512"
                xmlns="http://www.w3.org/2000/svg"
              >
                <path
                  d="M256 8C119 8 8 119 8 256s111 248 248 248 248-111 248-248S393 8 256 8z"
                  fill="currentColor"
                />
              </svg>
            </span>
          </div>
          <div
            class="sc-qXRQq cpMrCI"
            color="#1d76e1"
            data-testid="toolbutton-component"
          >
            <span
              class="sc-pAncQ hFQDrQ"
              color="#1d76e1"
            >
              <svg
                aria-hidden="true"
                class="StyledIconBase-ea9ulj-0 jVnGjM"
                fill="currentColor"
                focusable="false"
                viewBox="0 0 512 512"
                xmlns="http://www.w3.org/2000/svg"
              >
                <path
                  d="M256 8C119 8 8 119 8 256s111 248 248 248 248-111 248-248S393 8 256 8z"
                  fill="currentColor"
                />
              </svg>
            </span>
          </div>
          <div
            class="sc-qXRQq cpMrCI"
            color="#ebb727"
            data-testid="toolbutton-component"
          >
            <span
              class="sc-pAncQ gfuoQX"
              color="#ebb727"
            >
              <svg
                aria-hidden="true"
                class="StyledIconBase-ea9ulj-0 jVnGjM"
                fill="currentColor"
                focusable="false"
                viewBox="0 0 512 512"
                xmlns="http://www.w3.org/2000/svg"
              >
                <path
                  d="M256 8C119 8 8 119 8 256s111 248 248 248 248-111 248-248S393 8 256 8z"
                  fill="currentColor"
                />
              </svg>
            </span>
          </div>
          <div
            class="sc-qXRQq cpMrCI"
            color="#4ecb45"
            data-testid="toolbutton-component"
          >
            <span
              class="sc-pAncQ kEwdYh"
              color="#4ecb45"
            >
              <svg
                aria-hidden="true"
                class="StyledIconBase-ea9ulj-0 jVnGjM"
                fill="currentColor"
                focusable="false"
                viewBox="0 0 512 512"
                xmlns="http://www.w3.org/2000/svg"
              >
                <path
                  d="M256 8C119 8 8 119 8 256s111 248 248 248 248-111 248-248S393 8 256 8z"
                  fill="currentColor"
                />
              </svg>
            </span>
          </div>
        </div>
      </div>
      <div
        class="sc-qXRQq cpMrCI"
        data-testid="toolbutton-component"
      >
        <span
          class="sc-pAncQ fsuYOn"
        >
          <svg
            aria-hidden="true"
            class="StyledIconBase-ea9ulj-0 jVnGjM"
            fill="currentColor"
            focusable="false"
            viewBox="0 0 320 512"
            xmlns="http://www.w3.org/2000/svg"
          >
            <path
              d="M302.189 329.126H196.105l55.831 135.993c3.889 9.428-.555 19.999-9.444 23.999l-49.165 21.427c-9.165 4-19.443-.571-23.332-9.714l-53.053-129.136-86.664 89.138C18.729 472.71 0 463.554 0 447.977V18.299C0 1.899 19.921-6.096 30.277 5.443l284.412 292.542c11.472 11.179 3.007 31.141-12.5 31.141z"
              fill="currentColor"
            />
          </svg>
        </span>
        <div
          class="sc-pIjat FhOuv"
        >
          <div
            class="sc-qXRQq cpMrCI"
            color="#333"
            data-testid="toolbutton-component"
          >
            <span
              class="sc-pAncQ bQBKwL"
              color="#333"
            >
              <svg
                aria-hidden="true"
                class="StyledIconBase-ea9ulj-0 jVnGjM"
                fill="currentColor"
                focusable="false"
                viewBox="0 0 512 512"
                xmlns="http://www.w3.org/2000/svg"
              >
                <path
                  d="M256 8C119 8 8 119 8 256s111 248 248 248 248-111 248-248S393 8 256 8z"
                  fill="currentColor"
                />
              </svg>
            </span>
          </div>
          <div
            class="sc-qXRQq cpMrCI"
            color="#da0000"
            data-testid="toolbutton-component"
          >
            <span
              class="sc-pAncQ lkklxp"
              color="#da0000"
            >
              <svg
                aria-hidden="true"
                class="StyledIconBase-ea9ulj-0 jVnGjM"
                fill="currentColor"
                focusable="false"
                viewBox="0 0 512 512"
                xmlns="http://www.w3.org/2000/svg"
              >
                <path
                  d="M256 8C119 8 8 119 8 256s111 248 248 248 248-111 248-248S393 8 256 8z"
                  fill="currentColor"
                />
              </svg>
            </span>
          </div>
          <div
            class="sc-qXRQq cpMrCI"
            color="#1d76e1"
            data-testid="toolbutton-component"
          >
            <span
              class="sc-pAncQ hFQDrQ"
              color="#1d76e1"
            >
              <svg
                aria-hidden="true"
                class="StyledIconBase-ea9ulj-0 jVnGjM"
                fill="currentColor"
                focusable="false"
                viewBox="0 0 512 512"
                xmlns="http://www.w3.org/2000/svg"
              >
                <path
                  d="M256 8C119 8 8 119 8 256s111 248 248 248 248-111 248-248S393 8 256 8z"
                  fill="currentColor"
                />
              </svg>
            </span>
          </div>
          <div
            class="sc-qXRQq cpMrCI"
            color="#ebb727"
            data-testid="toolbutton-component"
          >
            <span
              class="sc-pAncQ gfuoQX"
              color="#ebb727"
            >
              <svg
                aria-hidden="true"
                class="StyledIconBase-ea9ulj-0 jVnGjM"
                fill="currentColor"
                focusable="false"
                viewBox="0 0 512 512"
                xmlns="http://www.w3.org/2000/svg"
              >
                <path
                  d="M256 8C119 8 8 119 8 256s111 248 248 248 248-111 248-248S393 8 256 8z"
                  fill="currentColor"
                />
              </svg>
            </span>
          </div>
          <div
            class="sc-qXRQq cpMrCI"
            color="#4ecb45"
            data-testid="toolbutton-component"
          >
            <span
              class="sc-pAncQ kEwdYh"
              color="#4ecb45"
            >
              <svg
                aria-hidden="true"
                class="StyledIconBase-ea9ulj-0 jVnGjM"
                fill="currentColor"
                focusable="false"
                viewBox="0 0 512 512"
                xmlns="http://www.w3.org/2000/svg"
              >
                <path
                  d="M256 8C119 8 8 119 8 256s111 248 248 248 248-111 248-248S393 8 256 8z"
                  fill="currentColor"
                />
              </svg>
            </span>
          </div>
        </div>
      </div>
      <div
        class="sc-qXRQq cpMrCI"
        data-testid="toolbutton-component"
      >
        <span
          class="sc-pAncQ fsuYOn"
        >
          <svg
            aria-hidden="true"
            class="StyledIconBase-ea9ulj-0 jVnGjM"
            fill="currentColor"
            focusable="false"
            viewBox="0 0 448 512"
            xmlns="http://www.w3.org/2000/svg"
          >
            <path
              d="M448 240v96c0 3.084-.356 6.159-1.063 9.162l-32 136C410.686 499.23 394.562 512 376 512H168a40.004 40.004 0 01-32.35-16.473l-127.997-176c-12.993-17.866-9.043-42.883 8.822-55.876 17.867-12.994 42.884-9.043 55.877 8.823L104 315.992V40c0-22.091 17.908-40 40-40s40 17.909 40 40v200h8v-40c0-22.091 17.908-40 40-40s40 17.909 40 40v40h8v-24c0-22.091 17.908-40 40-40s40 17.909 40 40v24h8c0-22.091 17.908-40 40-40s40 17.909 40 40zm-256 80h-8v96h8v-96zm88 0h-8v96h8v-96zm88 0h-8v96h8v-96z"
              fill="currentColor"
            />
          </svg>
        </span>
        <div
          class="sc-pIjat FhOuv"
        >
          <div
            class="sc-qXRQq cpMrCI"
            color="#333"
            data-testid="toolbutton-component"
          >
            <span
              class="sc-pAncQ bQBKwL"
              color="#333"
            >
              <svg
                aria-hidden="true"
                class="StyledIconBase-ea9ulj-0 jVnGjM"
                fill="currentColor"
                focusable="false"
                viewBox="0 0 512 512"
                xmlns="http://www.w3.org/2000/svg"
              >
                <path
                  d="M256 8C119 8 8 119 8 256s111 248 248 248 248-111 248-248S393 8 256 8z"
                  fill="currentColor"
                />
              </svg>
            </span>
          </div>
          <div
            class="sc-qXRQq cpMrCI"
            color="#da0000"
            data-testid="toolbutton-component"
          >
            <span
              class="sc-pAncQ lkklxp"
              color="#da0000"
            >
              <svg
                aria-hidden="true"
                class="StyledIconBase-ea9ulj-0 jVnGjM"
                fill="currentColor"
                focusable="false"
                viewBox="0 0 512 512"
                xmlns="http://www.w3.org/2000/svg"
              >
                <path
                  d="M256 8C119 8 8 119 8 256s111 248 248 248 248-111 248-248S393 8 256 8z"
                  fill="currentColor"
                />
              </svg>
            </span>
          </div>
          <div
            class="sc-qXRQq cpMrCI"
            color="#1d76e1"
            data-testid="toolbutton-component"
          >
            <span
              class="sc-pAncQ hFQDrQ"
              color="#1d76e1"
            >
              <svg
                aria-hidden="true"
                class="StyledIconBase-ea9ulj-0 jVnGjM"
                fill="currentColor"
                focusable="false"
                viewBox="0 0 512 512"
                xmlns="http://www.w3.org/2000/svg"
              >
                <path
                  d="M256 8C119 8 8 119 8 256s111 248 248 248 248-111 248-248S393 8 256 8z"
                  fill="currentColor"
                />
              </svg>
            </span>
          </div>
          <div
            class="sc-qXRQq cpMrCI"
            color="#ebb727"
            data-testid="toolbutton-component"
          >
            <span
              class="sc-pAncQ gfuoQX"
              color="#ebb727"
            >
              <svg
                aria-hidden="true"
                class="StyledIconBase-ea9ulj-0 jVnGjM"
                fill="currentColor"
                focusable="false"
                viewBox="0 0 512 512"
                xmlns="http://www.w3.org/2000/svg"
              >
                <path
                  d="M256 8C119 8 8 119 8 256s111 248 248 248 248-111 248-248S393 8 256 8z"
                  fill="currentColor"
                />
              </svg>
            </span>
          </div>
          <div
            class="sc-qXRQq cpMrCI"
            color="#4ecb45"
            data-testid="toolbutton-component"
          >
            <span
              class="sc-pAncQ kEwdYh"
              color="#4ecb45"
            >
              <svg
                aria-hidden="true"
                class="StyledIconBase-ea9ulj-0 jVnGjM"
                fill="currentColor"
                focusable="false"
                viewBox="0 0 512 512"
                xmlns="http://www.w3.org/2000/svg"
              >
                <path
                  d="M256 8C119 8 8 119 8 256s111 248 248 248 248-111 248-248S393 8 256 8z"
                  fill="currentColor"
                />
              </svg>
            </span>
          </div>
        </div>
      </div>
      <div
        class="sc-qXRQq cpMrCI"
        color="#333"
        data-testid="toolbutton-component"
      >
        <span
          class="sc-pAncQ bQBKwL"
          color="#333"
        >
          <svg
            aria-hidden="true"
            class="StyledIconBase-ea9ulj-0 jVnGjM"
            fill="currentColor"
            focusable="false"
            viewBox="0 0 448 512"
            xmlns="http://www.w3.org/2000/svg"
          >
            <path
              d="M432 416h-23.41L277.88 53.69A32 32 0 00247.58 32h-47.16a32 32 0 00-30.3 21.69L39.41 416H16a16 16 0 00-16 16v32a16 16 0 0016 16h128a16 16 0 0016-16v-32a16 16 0 00-16-16h-19.58l23.3-64h152.56l23.3 64H304a16 16 0 00-16 16v32a16 16 0 0016 16h128a16 16 0 0016-16v-32a16 16 0 00-16-16zM176.85 272L224 142.51 271.15 272z"
              fill="currentColor"
            />
          </svg>
        </span>
        <div
          class="sc-pIjat FhOuv"
        >
          <div
            class="sc-qXRQq cpMrCI"
            color="#333"
            data-testid="toolbutton-component"
          >
            <span
              class="sc-pAncQ bQBKwL"
              color="#333"
            >
              <svg
                aria-hidden="true"
                class="StyledIconBase-ea9ulj-0 jVnGjM"
                fill="currentColor"
                focusable="false"
                viewBox="0 0 512 512"
                xmlns="http://www.w3.org/2000/svg"
              >
                <path
                  d="M256 8C119 8 8 119 8 256s111 248 248 248 248-111 248-248S393 8 256 8z"
                  fill="currentColor"
                />
              </svg>
            </span>
          </div>
          <div
            class="sc-qXRQq cpMrCI"
            color="#da0000"
            data-testid="toolbutton-component"
          >
            <span
              class="sc-pAncQ lkklxp"
              color="#da0000"
            >
              <svg
                aria-hidden="true"
                class="StyledIconBase-ea9ulj-0 jVnGjM"
                fill="currentColor"
                focusable="false"
                viewBox="0 0 512 512"
                xmlns="http://www.w3.org/2000/svg"
              >
                <path
                  d="M256 8C119 8 8 119 8 256s111 248 248 248 248-111 248-248S393 8 256 8z"
                  fill="currentColor"
                />
              </svg>
            </span>
          </div>
          <div
            class="sc-qXRQq cpMrCI"
            color="#1d76e1"
            data-testid="toolbutton-component"
          >
            <span
              class="sc-pAncQ hFQDrQ"
              color="#1d76e1"
            >
              <svg
                aria-hidden="true"
                class="StyledIconBase-ea9ulj-0 jVnGjM"
                fill="currentColor"
                focusable="false"
                viewBox="0 0 512 512"
                xmlns="http://www.w3.org/2000/svg"
              >
                <path
                  d="M256 8C119 8 8 119 8 256s111 248 248 248 248-111 248-248S393 8 256 8z"
                  fill="currentColor"
                />
              </svg>
            </span>
          </div>
          <div
            class="sc-qXRQq cpMrCI"
            color="#ebb727"
            data-testid="toolbutton-component"
          >
            <span
              class="sc-pAncQ gfuoQX"
              color="#ebb727"
            >
              <svg
                aria-hidden="true"
                class="StyledIconBase-ea9ulj-0 jVnGjM"
                fill="currentColor"
                focusable="false"
                viewBox="0 0 512 512"
                xmlns="http://www.w3.org/2000/svg"
              >
                <path
                  d="M256 8C119 8 8 119 8 256s111 248 248 248 248-111 248-248S393 8 256 8z"
                  fill="currentColor"
                />
              </svg>
            </span>
          </div>
          <div
            class="sc-qXRQq cpMrCI"
            color="#4ecb45"
            data-testid="toolbutton-component"
          >
            <span
              class="sc-pAncQ kEwdYh"
              color="#4ecb45"
            >
              <svg
                aria-hidden="true"
                class="StyledIconBase-ea9ulj-0 jVnGjM"
                fill="currentColor"
                focusable="false"
                viewBox="0 0 512 512"
                xmlns="http://www.w3.org/2000/svg"
              >
                <path
                  d="M256 8C119 8 8 119 8 256s111 248 248 248 248-111 248-248S393 8 256 8z"
                  fill="currentColor"
                />
              </svg>
            </span>
          </div>
        </div>
      </div>
      <div
        class="sc-qXRQq cpMrCI"
        data-testid="toolbutton-component"
      >
        <span
          class="sc-pAncQ fsuYOn"
        >
          <svg
            aria-hidden="true"
            class="StyledIconBase-ea9ulj-0 jVnGjM"
            fill="currentColor"
            focusable="false"
            viewBox="0 0 512 512"
            xmlns="http://www.w3.org/2000/svg"
          >
            <path
              d="M464 448H48c-26.51 0-48-21.49-48-48V112c0-26.51 21.49-48 48-48h416c26.51 0 48 21.49 48 48v288c0 26.51-21.49 48-48 48zM112 120c-30.928 0-56 25.072-56 56s25.072 56 56 56 56-25.072 56-56-25.072-56-56-56zM64 384h384V272l-87.515-87.515c-4.686-4.686-12.284-4.686-16.971 0L208 320l-55.515-55.515c-4.686-4.686-12.284-4.686-16.971 0L64 336v48z"
              fill="currentColor"
            />
          </svg>
        </span>
        <div
          class="sc-pIjat FhOuv"
        >
          <div
            class="sc-qXRQq cpMrCI"
            color="#333"
            data-testid="toolbutton-component"
          >
            <span
              class="sc-pAncQ bQBKwL"
              color="#333"
            >
              <svg
                aria-hidden="true"
                class="StyledIconBase-ea9ulj-0 jVnGjM"
                fill="currentColor"
                focusable="false"
                viewBox="0 0 512 512"
                xmlns="http://www.w3.org/2000/svg"
              >
                <path
                  d="M256 8C119 8 8 119 8 256s111 248 248 248 248-111 248-248S393 8 256 8z"
                  fill="currentColor"
                />
              </svg>
            </span>
          </div>
          <div
            class="sc-qXRQq cpMrCI"
            color="#da0000"
            data-testid="toolbutton-component"
          >
            <span
              class="sc-pAncQ lkklxp"
              color="#da0000"
            >
              <svg
                aria-hidden="true"
                class="StyledIconBase-ea9ulj-0 jVnGjM"
                fill="currentColor"
                focusable="false"
                viewBox="0 0 512 512"
                xmlns="http://www.w3.org/2000/svg"
              >
                <path
                  d="M256 8C119 8 8 119 8 256s111 248 248 248 248-111 248-248S393 8 256 8z"
                  fill="currentColor"
                />
              </svg>
            </span>
          </div>
          <div
            class="sc-qXRQq cpMrCI"
            color="#1d76e1"
            data-testid="toolbutton-component"
          >
            <span
              class="sc-pAncQ hFQDrQ"
              color="#1d76e1"
            >
              <svg
                aria-hidden="true"
                class="StyledIconBase-ea9ulj-0 jVnGjM"
                fill="currentColor"
                focusable="false"
                viewBox="0 0 512 512"
                xmlns="http://www.w3.org/2000/svg"
              >
                <path
                  d="M256 8C119 8 8 119 8 256s111 248 248 248 248-111 248-248S393 8 256 8z"
                  fill="currentColor"
                />
              </svg>
            </span>
          </div>
          <div
            class="sc-qXRQq cpMrCI"
            color="#ebb727"
            data-testid="toolbutton-component"
          >
            <span
              class="sc-pAncQ gfuoQX"
              color="#ebb727"
            >
              <svg
                aria-hidden="true"
                class="StyledIconBase-ea9ulj-0 jVnGjM"
                fill="currentColor"
                focusable="false"
                viewBox="0 0 512 512"
                xmlns="http://www.w3.org/2000/svg"
              >
                <path
                  d="M256 8C119 8 8 119 8 256s111 248 248 248 248-111 248-248S393 8 256 8z"
                  fill="currentColor"
                />
              </svg>
            </span>
          </div>
          <div
            class="sc-qXRQq cpMrCI"
            color="#4ecb45"
            data-testid="toolbutton-component"
          >
            <span
              class="sc-pAncQ kEwdYh"
              color="#4ecb45"
            >
              <svg
                aria-hidden="true"
                class="StyledIconBase-ea9ulj-0 jVnGjM"
                fill="currentColor"
                focusable="false"
                viewBox="0 0 512 512"
                xmlns="http://www.w3.org/2000/svg"
              >
                <path
                  d="M256 8C119 8 8 119 8 256s111 248 248 248 248-111 248-248S393 8 256 8z"
                  fill="currentColor"
                />
              </svg>
            </span>
          </div>
        </div>
      </div>
      <div
        class="sc-qXRQq cpMrCI"
        data-testid="toolbutton-component"
      >
        <span
          class="sc-pAncQ fsuYOn"
        >
          <svg
            aria-hidden="true"
            class="StyledIconBase-ea9ulj-0 jVnGjM"
            fill="currentColor"
            focusable="false"
            viewBox="0 0 384 512"
            xmlns="http://www.w3.org/2000/svg"
          >
            <path
              d="M224 136V0H24C10.7 0 0 10.7 0 24v464c0 13.3 10.7 24 24 24h336c13.3 0 24-10.7 24-24V160H248c-13.2 0-24-10.8-24-24zm76.45 211.36l-96.42 95.7c-6.65 6.61-17.39 6.61-24.04 0l-96.42-95.7C73.42 337.29 80.54 320 94.82 320H160v-80c0-8.84 7.16-16 16-16h32c8.84 0 16 7.16 16 16v80h65.18c14.28 0 21.4 17.29 11.27 27.36zM377 105L279.1 7c-4.5-4.5-10.6-7-17-7H256v128h128v-6.1c0-6.3-2.5-12.4-7-16.9z"
              fill="currentColor"
            />
          </svg>
        </span>
        <div
          class="sc-pIjat FhOuv"
        >
          <div
            class="sc-qXRQq cpMrCI"
            color="#333"
            data-testid="toolbutton-component"
          >
            <span
              class="sc-pAncQ bQBKwL"
              color="#333"
            >
              <svg
                aria-hidden="true"
                class="StyledIconBase-ea9ulj-0 jVnGjM"
                fill="currentColor"
                focusable="false"
                viewBox="0 0 512 512"
                xmlns="http://www.w3.org/2000/svg"
              >
                <path
                  d="M256 8C119 8 8 119 8 256s111 248 248 248 248-111 248-248S393 8 256 8z"
                  fill="currentColor"
                />
              </svg>
            </span>
          </div>
          <div
            class="sc-qXRQq cpMrCI"
            color="#da0000"
            data-testid="toolbutton-component"
          >
            <span
              class="sc-pAncQ lkklxp"
              color="#da0000"
            >
              <svg
                aria-hidden="true"
                class="StyledIconBase-ea9ulj-0 jVnGjM"
                fill="currentColor"
                focusable="false"
                viewBox="0 0 512 512"
                xmlns="http://www.w3.org/2000/svg"
              >
                <path
                  d="M256 8C119 8 8 119 8 256s111 248 248 248 248-111 248-248S393 8 256 8z"
                  fill="currentColor"
                />
              </svg>
            </span>
          </div>
          <div
            class="sc-qXRQq cpMrCI"
            color="#1d76e1"
            data-testid="toolbutton-component"
          >
            <span
              class="sc-pAncQ hFQDrQ"
              color="#1d76e1"
            >
              <svg
                aria-hidden="true"
                class="StyledIconBase-ea9ulj-0 jVnGjM"
                fill="currentColor"
                focusable="false"
                viewBox="0 0 512 512"
                xmlns="http://www.w3.org/2000/svg"
              >
                <path
                  d="M256 8C119 8 8 119 8 256s111 248 248 248 248-111 248-248S393 8 256 8z"
                  fill="currentColor"
                />
              </svg>
            </span>
          </div>
          <div
            class="sc-qXRQq cpMrCI"
            color="#ebb727"
            data-testid="toolbutton-component"
          >
            <span
              class="sc-pAncQ gfuoQX"
              color="#ebb727"
            >
              <svg
                aria-hidden="true"
                class="StyledIconBase-ea9ulj-0 jVnGjM"
                fill="currentColor"
                focusable="false"
                viewBox="0 0 512 512"
                xmlns="http://www.w3.org/2000/svg"
              >
                <path
                  d="M256 8C119 8 8 119 8 256s111 248 248 248 248-111 248-248S393 8 256 8z"
                  fill="currentColor"
                />
              </svg>
            </span>
          </div>
          <div
            class="sc-qXRQq cpMrCI"
            color="#4ecb45"
            data-testid="toolbutton-component"
          >
            <span
              class="sc-pAncQ kEwdYh"
              color="#4ecb45"
            >
              <svg
                aria-hidden="true"
                class="StyledIconBase-ea9ulj-0 jVnGjM"
                fill="currentColor"
                focusable="false"
                viewBox="0 0 512 512"
                xmlns="http://www.w3.org/2000/svg"
              >
                <path
                  d="M256 8C119 8 8 119 8 256s111 248 248 248 248-111 248-248S393 8 256 8z"
                  fill="currentColor"
                />
              </svg>
            </span>
          </div>
        </div>
      </div>
      <div
        class="sc-qXRQq cpMrCI"
        data-testid="toolbutton-component"
      >
        <span
          class="sc-pAncQ fsuYOn"
        >
          <svg
            aria-hidden="true"
            class="StyledIconBase-ea9ulj-0 jVnGjM"
            fill="currentColor"
            focusable="false"
            viewBox="0 0 448 512"
            xmlns="http://www.w3.org/2000/svg"
          >
            <path
              d="M432 32H312l-9.4-18.7A24 24 0 00281.1 0H166.8a23.72 23.72 0 00-21.4 13.3L136 32H16A16 16 0 000 48v32a16 16 0 0016 16h416a16 16 0 0016-16V48a16 16 0 00-16-16zM53.2 467a48 48 0 0047.9 45h245.8a48 48 0 0047.9-45L416 128H32z"
              fill="currentColor"
            />
          </svg>
        </span>
        <div
          class="sc-pIjat FhOuv"
        >
          <div
            class="sc-qXRQq cpMrCI"
            color="#333"
            data-testid="toolbutton-component"
          >
            <span
              class="sc-pAncQ bQBKwL"
              color="#333"
            >
              <svg
                aria-hidden="true"
                class="StyledIconBase-ea9ulj-0 jVnGjM"
                fill="currentColor"
                focusable="false"
                viewBox="0 0 512 512"
                xmlns="http://www.w3.org/2000/svg"
              >
                <path
                  d="M256 8C119 8 8 119 8 256s111 248 248 248 248-111 248-248S393 8 256 8z"
                  fill="currentColor"
                />
              </svg>
            </span>
          </div>
          <div
            class="sc-qXRQq cpMrCI"
            color="#da0000"
            data-testid="toolbutton-component"
          >
            <span
              class="sc-pAncQ lkklxp"
              color="#da0000"
            >
              <svg
                aria-hidden="true"
                class="StyledIconBase-ea9ulj-0 jVnGjM"
                fill="currentColor"
                focusable="false"
                viewBox="0 0 512 512"
                xmlns="http://www.w3.org/2000/svg"
              >
                <path
                  d="M256 8C119 8 8 119 8 256s111 248 248 248 248-111 248-248S393 8 256 8z"
                  fill="currentColor"
                />
              </svg>
            </span>
          </div>
          <div
            class="sc-qXRQq cpMrCI"
            color="#1d76e1"
            data-testid="toolbutton-component"
          >
            <span
              class="sc-pAncQ hFQDrQ"
              color="#1d76e1"
            >
              <svg
                aria-hidden="true"
                class="StyledIconBase-ea9ulj-0 jVnGjM"
                fill="currentColor"
                focusable="false"
                viewBox="0 0 512 512"
                xmlns="http://www.w3.org/2000/svg"
              >
                <path
                  d="M256 8C119 8 8 119 8 256s111 248 248 248 248-111 248-248S393 8 256 8z"
                  fill="currentColor"
                />
              </svg>
            </span>
          </div>
          <div
            class="sc-qXRQq cpMrCI"
            color="#ebb727"
            data-testid="toolbutton-component"
          >
            <span
              class="sc-pAncQ gfuoQX"
              color="#ebb727"
            >
              <svg
                aria-hidden="true"
                class="StyledIconBase-ea9ulj-0 jVnGjM"
                fill="currentColor"
                focusable="false"
                viewBox="0 0 512 512"
                xmlns="http://www.w3.org/2000/svg"
              >
                <path
                  d="M256 8C119 8 8 119 8 256s111 248 248 248 248-111 248-248S393 8 256 8z"
                  fill="currentColor"
                />
              </svg>
            </span>
          </div>
          <div
            class="sc-qXRQq cpMrCI"
            color="#4ecb45"
            data-testid="toolbutton-component"
          >
            <span
              class="sc-pAncQ kEwdYh"
              color="#4ecb45"
            >
              <svg
                aria-hidden="true"
                class="StyledIconBase-ea9ulj-0 jVnGjM"
                fill="currentColor"
                focusable="false"
                viewBox="0 0 512 512"
                xmlns="http://www.w3.org/2000/svg"
              >
                <path
                  d="M256 8C119 8 8 119 8 256s111 248 248 248 248-111 248-248S393 8 256 8z"
                  fill="currentColor"
                />
              </svg>
            </span>
          </div>
        </div>
      </div>
    </div>
  </div>
</DocumentFragment>
`;
