// Jest Snapshot v1, https://goo.gl/fbAQLP

exports[`Component : UsersList Snapshot 1`] = `
<DocumentFragment>
  <div
    class="sc-knuQbY fjhrYD sc-ERObt dfrlxr"
  >
    <h2
      class="sc-dNsVcS dYOFIM"
    >
      meta.usersList.title
    </h2>
    <ul
      class="sc-fulCBj byDaQM"
    >
      <li
        class="sc-kMribo fXtuYK"
      >
        meta.usersList.you
        <span
          class="sc-bdOgaJ cYMVfw"
        >
          meta.usersList.youJoined
        </span>
      </li>
      <li
        class="sc-kMribo fXtuYK"
      >
        other user 1
        <span
          class="sc-bdOgaJ cYMVfw"
        >
          meta.usersList.otherJoined
        </span>
      </li>
      <li
        class="sc-kMribo fXtuYK"
      >
        other user 2
        <span
          class="sc-bdOgaJ cYMVfw"
        >
          meta.usersList.otherJoined
        </span>
      </li>
    </ul>
    <div
      class="sc-empnci cVkhmd"
    >
      <button
        class="sc-kRRyDe esCmzn"
        type="button"
      >
        meta.usersList.accept
      </button>
    </div>
  </div>
</DocumentFragment>
`;
